parameters:
    foo: bar

services:
    service_container:
        class: Symfony\Component\DependencyInjection\ContainerInterface
        public: true
        synthetic: true
    Symfony\Component\DependencyInjection\Tests\Fixtures\Bar:
        class: Symfony\Component\DependencyInjection\Tests\Fixtures\Bar
        public: true
    my_service:
        class: Symfony\Component\DependencyInjection\Tests\Fixtures\Bar
        public: true
        arguments: [bar]
